yarn run v1.22.22
$ next dev
  ▲ Next.js 14.2.28
  - Local:        http://localhost:3000
  - Environments: .env
  - Experiments (use with caution):
    · outputFileTracingRoot

 ✓ Starting...
 ✓ Ready in 1959ms
 ○ Compiling /middleware ...
 ✓ Compiled /middleware in 534ms (153 modules)
 ○ Compiling / ...
 ✓ Compiled / in 3.5s (553 modules)
 GET / 200 in 4096ms
 GET / 200 in 889ms
 GET / 200 in 743ms
 GET / 200 in 4100ms
 ✓ Compiled in 540ms (279 modules)
 GET / 200 in 83ms
 GET / 200 in 71ms
 GET / 200 in 323ms
 GET / 200 in 24ms
 GET / 200 in 25ms
 GET / 200 in 24ms
 ✓ Compiled /login in 493ms (556 modules)
[?25h
