yarn run v1.22.22
$ next dev
  ▲ Next.js 14.2.28
  - Local:        http://localhost:3000
  - Environments: .env
  - Experiments (use with caution):
    · outputFileTracingRoot

 ✓ Starting...
 ✓ Ready in 1591ms
 ✓ Compiled /middleware in 211ms (153 modules)
 ○ Compiling / ...
 ✓ Compiled / in 1598ms (546 modules)
 GET / 200 in 1994ms
 GET / 200 in 2004ms
 ✓ Compiled in 420ms (279 modules)
 GET / 200 in 33ms
 GET / 200 in 34ms
 GET / 200 in 32ms
 GET / 200 in 28ms
 GET / 200 in 32ms
 GET / 200 in 39ms
 GET / 200 in 31ms
 GET / 200 in 31ms
 GET / 200 in 28ms
 GET / 200 in 24ms
