yarn run v1.22.22
$ next build
Attention: Next.js now collects completely anonymous telemetry regarding usage.
This information is used to shape Next.js' roadmap and prioritize features.
You can learn more, including how to opt-out if you'd not like to participate in this anonymous program, by visiting the following URL:
https://nextjs.org/telemetry

  ▲ Next.js 14.2.28
  - Experiments (use with caution):
    · outputFileTracingRoot

   Creating an optimized production build ...
 ✓ Compiled successfully
   Skipping linting
   Checking validity of types ...
   Collecting page data ...
   Generating static pages (0/10) ...
   Generating static pages (2/10) 
   Generating static pages (4/10) 
   Generating static pages (7/10) 
 ✓ Generating static pages (10/10)
   Finalizing page optimization ...
   Collecting build traces ...

Route (app)                              Size     First Load JS
┌ ○ /                                    2.59 kB         107 kB
├ ○ /_not-found                          873 B            88 kB
├ ○ /analyst/dashboard                   8.32 kB         143 kB
├ ○ /analyst/login                       3.01 kB         115 kB
├ ○ /analyst/register                    3.17 kB         115 kB
├ ƒ /api/analyst/login                   0 B                0 B
├ ƒ /api/analyst/register                0 B                0 B
├ ƒ /api/auth/login                      0 B                0 B
├ ƒ /api/auth/logout                     0 B                0 B
├ ƒ /api/auth/register                   0 B                0 B
├ ƒ /api/cases                           0 B                0 B
├ ƒ /api/cases/[id]                      0 B                0 B
├ ƒ /api/cases/[id]/updates              0 B                0 B
├ ○ /dashboard                           7.62 kB         142 kB
├ ○ /login                               2.85 kB         115 kB
└ ○ /register                            3 kB            115 kB
+ First Load JS shared by all            87.1 kB
  ├ chunks/364-a0d363cb60534e17.js       31.6 kB
  ├ chunks/618f8807-5b09ccff8c9217e8.js  53.6 kB
  └ other shared chunks (total)          1.9 kB


ƒ Middleware                             52.5 kB

○  (Static)   prerendered as static content
ƒ  (Dynamic)  server-rendered on demand

Done in 31.90s.
