yarn run v1.22.22
$ next dev
  ▲ Next.js 14.2.28
  - Local:        http://localhost:3000
  - Environments: .env
  - Experiments (use with caution):
    · outputFileTracingRoot

 ✓ Starting...
 ✓ Ready in 1622ms
 ✓ Compiled /middleware in 201ms (153 modules)
 ○ Compiling / ...
 ✓ Compiled / in 1470ms (546 modules)
 GET / 200 in 1868ms
 ✓ Compiled in 428ms (279 modules)
 ○ Compiling /analyst/register ...
 ✓ Compiled /analyst/register in 910ms (584 modules)
 GET /register 200 in 1120ms
 GET /login 200 in 1099ms
 GET /analyst/login 200 in 1099ms
 GET /analyst/register 200 in 1096ms
 GET / 200 in 34ms
 GET /register 200 in 48ms
 GET / 200 in 70ms
 GET /analyst/login 200 in 70ms
 GET /analyst/register 200 in 71ms
 GET /login 200 in 71ms
 GET / 200 in 33ms
 GET /register 200 in 27ms
 ○ Compiling /api/auth/register ...
 ✓ Compiled /api/auth/register in 545ms (409 modules)
 GET /api/auth/register 405 in 713ms
 GET /login 200 in 60ms
 GET /analyst/login 200 in 29ms
[?25h
