yarn run v1.22.22
$ next dev
  ▲ Next.js 14.2.28
  - Local:        http://localhost:3000
  - Environments: .env
  - Experiments (use with caution):
    · outputFileTracingRoot

 ✓ Starting...
Attention: Next.js now collects completely anonymous telemetry regarding usage.
This information is used to shape Next.js' roadmap and prioritize features.
You can learn more, including how to opt-out if you'd not like to participate in this anonymous program, by visiting the following URL:
https://nextjs.org/telemetry

 ✓ Ready in 1649ms
 ○ Compiling /middleware ...
 ✓ Compiled /middleware in 603ms (153 modules)
 ○ Compiling / ...
 ✓ Compiled / in 3.2s (553 modules)
 GET / 200 in 3748ms
 ✓ Compiled in 535ms (279 modules)
 ○ Compiling /analyst/login ...
 ✓ Compiled /analyst/login in 3.4s (584 modules)
 GET /analyst/register 200 in 3744ms
 GET /login 200 in 3761ms
 GET /register 200 in 3761ms
 GET /analyst/login 200 in 3746ms
 GET / 200 in 31ms
 GET / 200 in 35ms
 GET /register 200 in 42ms
 GET /analyst/register 200 in 56ms
 GET /login 200 in 57ms
 GET /analyst/login 200 in 56ms
 GET / 200 in 25ms
 GET /login 200 in 26ms
 GET /analyst/login 200 in 28ms
 ✓ Compiled in 347ms (737 modules)
[?25h
